C:/Users/Jogindhiran/Documents/STM32F4 Workspace/F4_chip_headers/CMSIS/Include/core_cm4.h:1688:22:__NVIC_EnableIRQ	16	static
../Src/uart.c:41:5:__io_putchar	16	static
../Src/uart.c:46:6:dma1_stream6_init	24	static
../Src/uart.c:97:6:uart2_rx_interrupt_init	8	static
../Src/uart.c:145:6:uart2_rxtx_init	8	static
../Src/uart.c:187:6:uart2_tx_init	8	static
../Src/uart.c:215:6:uart2_read	4	static
../Src/uart.c:223:6:uart2_write	16	static
../Src/uart.c:231:13:uart_set_baudrate	24	static
../Src/uart.c:235:17:compute_uart_bd	16	static
